BL51 BANKED LINKER/LOCATER V6.22                                                        10/21/2016  19:09:13  PAGE 1


BL51 BANKED LINKER/LOCATER V6.22, INVOKED BY:
C:\KEIL_V5\C51\BIN\BL51.EXE TMOD_test.obj TO TMOD_test PRINT (.\Listings\TMOD_test.m51)


MEMORY MODEL: SMALL


INPUT MODULES INCLUDED:
  TMOD_test.obj (TMOD_TEST)
  C:\KEIL_V5\C51\LIB\C51S.LIB (?C_STARTUP)


LINK MAP OF MODULE:  TMOD_test (TMOD_TEST)


            TYPE    BASE      LENGTH    RELOCATION   SEGMENT NAME
            -----------------------------------------------------

            * * * * * * *   D A T A   M E M O R Y   * * * * * * *
            REG     0000H     0008H     ABSOLUTE     "REG BANK 0"
            IDATA   0008H     0001H     UNIT         ?STACK

            * * * * * * *   C O D E   M E M O R Y   * * * * * * *
            CODE    0000H     0003H     ABSOLUTE     
                    0003H     07FDH                  *** GAP ***
            CODE    0800H     0024H     UNIT         ?PR?_DELAY1MS?TMOD_TEST
            CODE    0824H     0010H     UNIT         ?PR?MAIN?TMOD_TEST
            CODE    0834H     000CH     UNIT         ?C_C51STARTUP



OVERLAY MAP OF MODULE:   TMOD_test (TMOD_TEST)


SEGMENT
  +--> CALLED SEGMENT
---------------------
?C_C51STARTUP
  +--> ?PR?MAIN?TMOD_TEST

?PR?MAIN?TMOD_TEST
  +--> ?PR?_DELAY1MS?TMOD_TEST



SYMBOL TABLE OF MODULE:  TMOD_test (TMOD_TEST)

  VALUE           TYPE          NAME
  ----------------------------------

  -------         MODULE        TMOD_TEST
  C:0000H         SYMBOL        _ICE_DUMMY_
  D:00A0H         PUBLIC        P2
  C:0800H         PUBLIC        _delay1ms
  C:0824H         PUBLIC        main
  D:0089H         PUBLIC        TMOD
  B:00A0H.0       PUBLIC        pin
  B:0088H.5       PUBLIC        TF0
BL51 BANKED LINKER/LOCATER V6.22                                                      10/21/2016  19:09:13  PAGE 2


  D:008CH         PUBLIC        TH0
  D:008AH         PUBLIC        TL0
  B:0088H.4       PUBLIC        TR0
  -------         PROC          _DELAY1MS
  D:0006H         SYMBOL        i
  -------         DO            
  D:0004H         SYMBOL        c
  -------         ENDDO         
  C:0800H         LINE#         3
  C:0800H         LINE#         4
  C:0800H         LINE#         5
  C:0803H         LINE#         6
  C:080AH         LINE#         7
  C:080AH         LINE#         8
  C:080DH         LINE#         9
  C:0810H         LINE#         10
  C:0813H         LINE#         11
  C:0815H         LINE#         12
  C:081AH         LINE#         13
  C:081DH         LINE#         14
  C:081FH         LINE#         15
  C:0821H         LINE#         16
  C:0823H         LINE#         18
  -------         ENDPROC       _DELAY1MS
  -------         PROC          MAIN
  C:0824H         LINE#         19
  C:0824H         LINE#         20
  C:0824H         LINE#         21
  C:0824H         LINE#         22
  C:0824H         LINE#         23
  C:0826H         LINE#         24
  C:082DH         LINE#         25
  C:082FH         LINE#         26
  C:0832H         LINE#         27
  -------         ENDPROC       MAIN
  -------         ENDMOD        TMOD_TEST

******************************************************************************
* RESTRICTED VERSION WITH 0800H BYTE CODE SIZE LIMIT; USED: 0034H BYTE ( 2%) *
******************************************************************************

Program Size: data=9.0 xdata=0 code=67
LINK/LOCATE RUN COMPLETE.  0 WARNING(S),  0 ERROR(S)
