C51 COMPILER V9.55   COOLER                                                                11/29/2016 00:09:05 PAGE 1   


C51 COMPILER V9.55, COMPILATION OF MODULE COOLER
OBJECT MODULE PLACED IN cooler.OBJ
COMPILER INVOKED BY: C:\Keil_v5\C51\BIN\C51.EXE cooler.c OPTIMIZE(8,SPEED) BROWSE DEBUG OBJECTEXTEND PRINT(.\Listings\co
                    -oler.lst) TABS(2)

line level    source

   1          #include <reg51.h>
   2          #define output P1
   3          #define fans P0
   4          void init_adc();
   5          void init_lcd();
   6          void lcdclr(unsigned char);
   7          double adc();
   8          void lcd_disp(unsigned char);
   9          void lcd_data(unsigned char);
  10          void delay_ms(unsigned int);
  11          // Serial_communication
  12          void serial_speed(unsigned char);
  13          void serial_temp(unsigned char);
  14          void serial_print(unsigned char);
  15          // ADC
  16          sbit cs = P3^3;
  17          sbit rd = P3^7;
  18          sbit wr = P3^6;
  19          sbit eoc = P0^4;
  20          // LCD
  21          sbit rs = P0^6;
  22          sbit wt = P0^7;
  23          sbit e =  P3^2;
  24          double input;
  25          int low;
  26          int pwm = 255;
  27          void main()
  28          {
  29   1        int check;
  30   1        fans = 0x00;
  31   1        while (1)
  32   1        {
  33   2          
  34   2          init_adc();
  35   2          input = check = adc();
  36   2          init_lcd();
  37   2          lcd_disp(input);  
  38   2          serial_speed(input);
  39   2          serial_temp(input);
  40   2          delay_ms(500);
  41   2          while ( check == input)
  42   2          {
  43   3            fans = 0x0F;
  44   3            delay_ms(input);
  45   3            fans = 0x00;
  46   3            low = pwm - input;
  47   3            delay_ms(low);
  48   3            init_adc();
  49   3            check = adc();
  50   3          }
  51   2        }
  52   1      }
  53          void serial_speed(unsigned char s)
  54          {
C51 COMPILER V9.55   COOLER                                                                11/29/2016 00:09:05 PAGE 2   

  55   1        int g;
  56   1        unsigned char x[3];
  57   1        unsigned char y[] = "Speed : "; 
  58   1        TMOD = 0x20;
  59   1        TH1 = 0xFA;
  60   1        PCON = 0x80;
  61   1        SCON = 0x50;
  62   1        TR1 = 1;
  63   1        for(g = 0;g<8;g++)
  64   1        {
  65   2          SBUF = y[g];
  66   2          while(TI == 0);
  67   2          TI = 0;
  68   2        }
  69   1        x[0] = s/100;
  70   1        x[1] = (s - (x[0]*100))/10;
  71   1        x[2] = (s - ((x[0]*100)+(x[1]*10)));
  72   1        for(g=0;g<3;g++)
  73   1        {
  74   2        SBUF = x[g]+0x30;
  75   2        while(TI == 0);
  76   2        TI = 0;
  77   2        }
  78   1        serial_print(0x0D);
  79   1        return;
  80   1      }
  81          void serial_temp(unsigned char s)
  82          {
  83   1        int g;
  84   1        float temp;
  85   1        unsigned int x[6];
  86   1        unsigned char y[] = "Temperature : ";
  87   1        TMOD = 0x20;
  88   1        TH1 = 0xFA;
  89   1        PCON = 0x80;
  90   1        SCON = 0x50;
  91   1        TR1 = 1;
  92   1        for(g=0;g<14;g++)
  93   1        {
  94   2          SBUF = y[g];
  95   2          while(TI == 0);
  96   2          TI = 0;
  97   2        }
  98   1        temp = (((s*150)/77)*10);
  99   1        x[0] = temp/100;
 100   1        if(x[0] != 0)
 101   1        {
 102   2          serial_print(x[0]+0x30);
 103   2        }   
 104   1        x[1] =  temp - (x[0]*100);
 105   1        x[1] = x[1]/10;
 106   1        if(x[0] == 0 && x[1] == 0)
 107   1        {
 108   2          /// if both first and second value tendss to zero we no need to print it
 109   2        }
 110   1        else
 111   1        {
 112   2          serial_print(x[1]+0x30);
 113   2          serial_print('.');
 114   2        }
 115   1        x[2] = temp - ((x[0]*100)+(x[1]*10));
 116   1        serial_print(x[2]+0x30);
C51 COMPILER V9.55   COOLER                                                                11/29/2016 00:09:05 PAGE 3   

 117   1        serial_print(0xB0);   
 118   1        serial_print('C');
 119   1        serial_print(0x0D);
 120   1        return;
 121   1      }
 122          void serial_print(unsigned char v)
 123          {
 124   1        TMOD = 0x20;
 125   1        TH1 = 0xFA;
 126   1        PCON = 0x80;
 127   1        SCON = 0x50;
 128   1        TR1 = 1;
 129   1        SBUF = v;
 130   1        while(TI == 0);
 131   1        TI = 0;
 132   1        return;
 133   1        
 134   1      }
 135          void lcd_disp(unsigned char num)
 136          {
 137   1        unsigned char first = 0;
 138   1        unsigned char second = 0;
 139   1        unsigned char third = 0;
 140   1        lcdclr(0x0E);
 141   1        lcdclr(0x01);
 142   1        lcdclr(0x06);
 143   1        first = (num/100);
 144   1        lcd_data(first+0x30);
 145   1        second = (num - (first*100));
 146   1        second = (second/10);
 147   1        lcd_data(second+0x30);
 148   1        third = (num - ((first*100)+(second*10)));
 149   1        lcd_data(third+0x30);
 150   1      }
 151          void init_lcd()
 152          {
 153   1        lcdclr(0x0E);
 154   1        lcdclr(0x01);
 155   1        lcdclr(0x06);
 156   1        lcd_data('R');lcd_data('E');lcd_data('A');lcd_data('D');lcd_data('I');lcd_data('N');lcd_data('G');lcd_dat
             -a(' ');
 157   1        delay_ms(200);
 158   1        
 159   1      }
 160          void lcdclr(unsigned char n)
 161          {
 162   1        P2 = n;
 163   1        rs = 0;
 164   1        wt = 0;
 165   1        e = 1;
 166   1        delay_ms(1);
 167   1        e = 0;
 168   1      }
 169          void lcd_data(unsigned char n)
 170          {
 171   1        P2 = n;
 172   1        rs = 1;
 173   1        wt = 0;
 174   1        e = 1;
 175   1        delay_ms(1);
 176   1        e = 0;
 177   1      }
C51 COMPILER V9.55   COOLER                                                                11/29/2016 00:09:05 PAGE 4   

 178          void init_adc()
 179          {
 180   1        cs = 0;
 181   1        rd = 1;
 182   1      }
 183          double adc()
 184          {
 185   1        double temp;
 186   1        wr = 0;
 187   1        wr = 1;
 188   1        while(eoc == 1);
 189   1        delay_ms(5);
 190   1        rd =0;
 191   1        delay_ms(5);
 192   1        temp = output;
 193   1        return temp;
 194   1      }
 195          void delay_ms(unsigned int n)
 196          {
 197   1        int c =0;
 198   1        while(c < n)
 199   1        {
 200   2          TMOD = 0x01;
 201   2          TH0 = 0xFC;
 202   2          TL0 = 0x66;
 203   2          TR0 =1;
 204   2          c++;
 205   2          while(TF0 == 0);
 206   2          TR0 = 0;
 207   2          TF0 = 0;
 208   2        }
 209   1      }
 210          
 211          


MODULE INFORMATION:   STATIC OVERLAYABLE
   CODE SIZE        =    875    ----
   CONSTANT SIZE    =     24    ----
   XDATA SIZE       =   ----    ----
   PDATA SIZE       =   ----    ----
   DATA SIZE        =      8      50
   IDATA SIZE       =   ----    ----
   BIT SIZE         =   ----    ----
END OF MODULE INFORMATION.


C51 COMPILATION COMPLETE.  0 WARNING(S),  0 ERROR(S)
